main.css --> line 20
main.css --> line 172
index.html --> line 18